{text="By a former marriage, Mr. Henry Dashwood had one son: by his present lady, three daughters.",annotations=[{text="By a former marriage, Mr. Henry Dashwood had one son: by his present lady, three daughters.",begin=0,end=91,typeDescription=false}],errors=["Expected type is rstring for attribute [BOOLEAN:boolean typeDescription]"]}
{text="Mrs. Jennings enforced the necessity.",annotations=[{text="Mrs. Jennings enforced the necessity.",begin=0,end=37,typeDescription=false}],errors=["Expected type is rstring for attribute [BOOLEAN:boolean typeDescription]"]}
Punctuation received: WindowMarker
Punctuation received: FinalMarker
