7
soup:1
document:7
cities:1
is:7
towns:1
bees:1
sausage:1
rivers:1
birds:1
about:7
This:7
